I'm sorry, but errors were detected in your script. Please correct the
errors listed below, and try again.


File "game/script.rpy", line 134: Menu does not contain any choices.
    menu:
         ^

Ren'Py Version: Ren'Py 8.2.0.24012702
Thu Feb 29 23:47:33 2024
